// Jest Snapshot v1, https://jestjs.io/docs/snapshot-testing

exports[`Snapshot Test 1`] = `
{
  "Outputs": {
    "BackendApiRestApiEndpointDA5ACD51": {
      "Value": {
        "Fn::Join": [
          "",
          [
            "https://",
            {
              "Ref": "BackendApiRestApi6B38E022",
            },
            ".execute-api.",
            {
              "Ref": "AWS::Region",
            },
            ".",
            {
              "Ref": "AWS::URLSuffix",
            },
            "/",
            {
              "Ref": "BackendApiRestApiDeploymentStageprod16300C09",
            },
            "/",
          ],
        ],
      },
    },
    "FrontendDistributionUrl13481B1D": {
      "Description": "CloudFront URL",
      "Value": {
        "Fn::Join": [
          "",
          [
            "https://",
            {
              "Fn::GetAtt": [
                "FrontendDistributionSiteDistribution97965C16",
                "DomainName",
              ],
            },
          ],
        ],
      },
    },
  },
  "Parameters": {
    "BootstrapVersion": {
      "Default": "/cdk-bootstrap/hnb659fds/version",
      "Description": "Version of the CDK Bootstrap resources in this environment, automatically retrieved from SSM Parameter Store. [cdk:skip]",
      "Type": "AWS::SSM::Parameter::Value<String>",
    },
  },
  "Resources": {
    "BackendApiAccessLogs09CC28F7": {
      "DeletionPolicy": "RetainExceptOnCreate",
      "Properties": {
        "LogGroupName": "API-Gateway-Access-Logs",
        "RetentionInDays": 3,
      },
      "Type": "AWS::Logs::LogGroup",
      "UpdateReplacePolicy": "Retain",
    },
    "BackendApiCognitoAuthFE10BACD": {
      "Properties": {
        "IdentitySource": "method.request.header.Authorization",
        "Name": "CdkTestStackBackendApiCognitoAuthAB609694",
        "ProviderARNs": [
          {
            "Fn::GetAtt": [
              "BackendIdentityUserPoolAB8B53FF",
              "Arn",
            ],
          },
        ],
        "RestApiId": {
          "Ref": "BackendApiRestApi6B38E022",
        },
        "Type": "COGNITO_USER_POOLS",
      },
      "Type": "AWS::ApiGateway::Authorizer",
    },
    "BackendApiExecutionLogsD29F0F55": {
      "DeletionPolicy": "RetainExceptOnCreate",
      "Properties": {
        "LogGroupName": {
          "Fn::Join": [
            "",
            [
              "API-Gateway-Execution-Logs_",
              {
                "Ref": "BackendApiRestApi6B38E022",
              },
              "/prod",
            ],
          ],
        },
        "RetentionInDays": 3,
      },
      "Type": "AWS::Logs::LogGroup",
      "UpdateReplacePolicy": "Retain",
    },
    "BackendApiPasswordPolicyFunction3EE21DAE": {
      "DependsOn": [
        "BackendApiPasswordPolicyFunctionServiceRoleDefaultPolicyA3D33778",
        "BackendApiPasswordPolicyFunctionServiceRole92751762",
      ],
      "Properties": {
        "Architectures": [
          "arm64",
        ],
        "Code": {
          "S3Bucket": {
            "Fn::Sub": "cdk-hnb659fds-assets-\${AWS::AccountId}-\${AWS::Region}",
          },
          "S3Key": "a130e785bd57253f80906b15ae497647f35445e6ec689c5e4845e80d74ae81d1.zip",
        },
        "Environment": {
          "Variables": {
            "USER_POOL_ID": {
              "Ref": "BackendIdentityUserPoolAB8B53FF",
            },
          },
        },
        "FunctionName": "password-policy",
        "Handler": "bootstrap",
        "LoggingConfig": {
          "LogGroup": {
            "Ref": "BackendApiPasswordPolicyFunctionLogGroup5CB6D8B0",
          },
        },
        "Role": {
          "Fn::GetAtt": [
            "BackendApiPasswordPolicyFunctionServiceRole92751762",
            "Arn",
          ],
        },
        "Runtime": "provided.al2023",
      },
      "Type": "AWS::Lambda::Function",
    },
    "BackendApiPasswordPolicyFunctionLogGroup5CB6D8B0": {
      "DeletionPolicy": "RetainExceptOnCreate",
      "Properties": {
        "LogGroupName": "/aws/lambda/password-policy",
        "RetentionInDays": 7,
      },
      "Type": "AWS::Logs::LogGroup",
      "UpdateReplacePolicy": "Retain",
    },
    "BackendApiPasswordPolicyFunctionServiceRole92751762": {
      "Properties": {
        "AssumeRolePolicyDocument": {
          "Statement": [
            {
              "Action": "sts:AssumeRole",
              "Effect": "Allow",
              "Principal": {
                "Service": "lambda.amazonaws.com",
              },
            },
          ],
          "Version": "2012-10-17",
        },
        "ManagedPolicyArns": [
          {
            "Fn::Join": [
              "",
              [
                "arn:",
                {
                  "Ref": "AWS::Partition",
                },
                ":iam::aws:policy/service-role/AWSLambdaBasicExecutionRole",
              ],
            ],
          },
        ],
      },
      "Type": "AWS::IAM::Role",
    },
    "BackendApiPasswordPolicyFunctionServiceRoleDefaultPolicyA3D33778": {
      "Properties": {
        "PolicyDocument": {
          "Statement": [
            {
              "Action": "cognito-idp:DescribeUserPool",
              "Effect": "Allow",
              "Resource": {
                "Fn::GetAtt": [
                  "BackendIdentityUserPoolAB8B53FF",
                  "Arn",
                ],
              },
            },
          ],
          "Version": "2012-10-17",
        },
        "PolicyName": "BackendApiPasswordPolicyFunctionServiceRoleDefaultPolicyA3D33778",
        "Roles": [
          {
            "Ref": "BackendApiPasswordPolicyFunctionServiceRole92751762",
          },
        ],
      },
      "Type": "AWS::IAM::Policy",
    },
    "BackendApiRestApi6B38E022": {
      "Properties": {
        "BinaryMediaTypes": [
          "application/x-protobuf",
          "application/octet-stream",
        ],
        "Name": "RestApi",
      },
      "Type": "AWS::ApiGateway::RestApi",
    },
    "BackendApiRestApiAccount5E75C15B": {
      "DeletionPolicy": "Retain",
      "DependsOn": [
        "BackendApiRestApi6B38E022",
      ],
      "Properties": {
        "CloudWatchRoleArn": {
          "Fn::GetAtt": [
            "BackendApiRestApiCloudWatchRoleC95A216D",
            "Arn",
          ],
        },
      },
      "Type": "AWS::ApiGateway::Account",
      "UpdateReplacePolicy": "Retain",
    },
    "BackendApiRestApiCloudWatchRoleC95A216D": {
      "DeletionPolicy": "Retain",
      "Properties": {
        "AssumeRolePolicyDocument": {
          "Statement": [
            {
              "Action": "sts:AssumeRole",
              "Effect": "Allow",
              "Principal": {
                "Service": "apigateway.amazonaws.com",
              },
            },
          ],
          "Version": "2012-10-17",
        },
        "ManagedPolicyArns": [
          {
            "Fn::Join": [
              "",
              [
                "arn:",
                {
                  "Ref": "AWS::Partition",
                },
                ":iam::aws:policy/service-role/AmazonAPIGatewayPushToCloudWatchLogs",
              ],
            ],
          },
        ],
      },
      "Type": "AWS::IAM::Role",
      "UpdateReplacePolicy": "Retain",
    },
    "BackendApiRestApiDeploymentF178106070c95cd9c5ba028120bd5df119d110fd": {
      "DependsOn": [
        "BackendApiRestApiapiOPTIONSF1F9046E",
        "BackendApiRestApiapipasswordpolicyproxyANYC4983581",
        "BackendApiRestApiapipasswordpolicyproxyOPTIONS151DB741",
        "BackendApiRestApiapipasswordpolicyproxy02F10C1F",
        "BackendApiRestApiapipasswordpolicyANY3E68BF3E",
        "BackendApiRestApiapipasswordpolicyOPTIONS2215E519",
        "BackendApiRestApiapipasswordpolicy4D04F72A",
        "BackendApiRestApiapiB9F4176C",
        "BackendApiRestApiOPTIONS6A6B97FB",
      ],
      "Metadata": {
        "aws:cdk:do-not-refactor": true,
      },
      "Properties": {
        "Description": "Automatically created by the RestApi construct",
        "RestApiId": {
          "Ref": "BackendApiRestApi6B38E022",
        },
      },
      "Type": "AWS::ApiGateway::Deployment",
    },
    "BackendApiRestApiDeploymentStageprod16300C09": {
      "DependsOn": [
        "BackendApiExecutionLogsD29F0F55",
        "BackendApiRestApiAccount5E75C15B",
      ],
      "Properties": {
        "AccessLogSetting": {
          "DestinationArn": {
            "Fn::GetAtt": [
              "BackendApiAccessLogs09CC28F7",
              "Arn",
            ],
          },
          "Format": "{"requestId":"$context.requestId","ip":"$context.identity.sourceIp","user":"$context.identity.user","caller":"$context.identity.caller","requestTime":"$context.requestTime","httpMethod":"$context.httpMethod","resourcePath":"$context.resourcePath","status":"$context.status","protocol":"$context.protocol","responseLength":"$context.responseLength"}",
        },
        "DeploymentId": {
          "Ref": "BackendApiRestApiDeploymentF178106070c95cd9c5ba028120bd5df119d110fd",
        },
        "MethodSettings": [
          {
            "DataTraceEnabled": false,
            "HttpMethod": "*",
            "LoggingLevel": "INFO",
            "ResourcePath": "/*",
          },
        ],
        "RestApiId": {
          "Ref": "BackendApiRestApi6B38E022",
        },
        "StageName": "prod",
        "TracingEnabled": true,
      },
      "Type": "AWS::ApiGateway::Stage",
    },
    "BackendApiRestApiOPTIONS6A6B97FB": {
      "Properties": {
        "ApiKeyRequired": false,
        "AuthorizationType": "NONE",
        "HttpMethod": "OPTIONS",
        "Integration": {
          "IntegrationResponses": [
            {
              "ResponseParameters": {
                "method.response.header.Access-Control-Allow-Headers": "'Content-Type,X-Amz-Date,Authorization,X-Api-Key,X-Amz-Security-Token,X-Amz-User-Agent'",
                "method.response.header.Access-Control-Allow-Methods": "'OPTIONS,GET,PUT,POST,DELETE,PATCH,HEAD'",
                "method.response.header.Access-Control-Allow-Origin": "'*'",
              },
              "StatusCode": "204",
            },
          ],
          "RequestTemplates": {
            "application/json": "{ statusCode: 200 }",
          },
          "Type": "MOCK",
        },
        "MethodResponses": [
          {
            "ResponseParameters": {
              "method.response.header.Access-Control-Allow-Headers": true,
              "method.response.header.Access-Control-Allow-Methods": true,
              "method.response.header.Access-Control-Allow-Origin": true,
            },
            "StatusCode": "204",
          },
        ],
        "ResourceId": {
          "Fn::GetAtt": [
            "BackendApiRestApi6B38E022",
            "RootResourceId",
          ],
        },
        "RestApiId": {
          "Ref": "BackendApiRestApi6B38E022",
        },
      },
      "Type": "AWS::ApiGateway::Method",
    },
    "BackendApiRestApiapiB9F4176C": {
      "Properties": {
        "ParentId": {
          "Fn::GetAtt": [
            "BackendApiRestApi6B38E022",
            "RootResourceId",
          ],
        },
        "PathPart": "api",
        "RestApiId": {
          "Ref": "BackendApiRestApi6B38E022",
        },
      },
      "Type": "AWS::ApiGateway::Resource",
    },
    "BackendApiRestApiapiOPTIONSF1F9046E": {
      "Properties": {
        "ApiKeyRequired": false,
        "AuthorizationType": "NONE",
        "HttpMethod": "OPTIONS",
        "Integration": {
          "IntegrationResponses": [
            {
              "ResponseParameters": {
                "method.response.header.Access-Control-Allow-Headers": "'Content-Type,X-Amz-Date,Authorization,X-Api-Key,X-Amz-Security-Token,X-Amz-User-Agent'",
                "method.response.header.Access-Control-Allow-Methods": "'OPTIONS,GET,PUT,POST,DELETE,PATCH,HEAD'",
                "method.response.header.Access-Control-Allow-Origin": "'*'",
              },
              "StatusCode": "204",
            },
          ],
          "RequestTemplates": {
            "application/json": "{ statusCode: 200 }",
          },
          "Type": "MOCK",
        },
        "MethodResponses": [
          {
            "ResponseParameters": {
              "method.response.header.Access-Control-Allow-Headers": true,
              "method.response.header.Access-Control-Allow-Methods": true,
              "method.response.header.Access-Control-Allow-Origin": true,
            },
            "StatusCode": "204",
          },
        ],
        "ResourceId": {
          "Ref": "BackendApiRestApiapiB9F4176C",
        },
        "RestApiId": {
          "Ref": "BackendApiRestApi6B38E022",
        },
      },
      "Type": "AWS::ApiGateway::Method",
    },
    "BackendApiRestApiapipasswordpolicy4D04F72A": {
      "Properties": {
        "ParentId": {
          "Ref": "BackendApiRestApiapiB9F4176C",
        },
        "PathPart": "password-policy",
        "RestApiId": {
          "Ref": "BackendApiRestApi6B38E022",
        },
      },
      "Type": "AWS::ApiGateway::Resource",
    },
    "BackendApiRestApiapipasswordpolicyANY3E68BF3E": {
      "Properties": {
        "AuthorizationType": "NONE",
        "HttpMethod": "ANY",
        "Integration": {
          "IntegrationHttpMethod": "POST",
          "Type": "AWS_PROXY",
          "Uri": {
            "Fn::Join": [
              "",
              [
                "arn:",
                {
                  "Ref": "AWS::Partition",
                },
                ":apigateway:",
                {
                  "Ref": "AWS::Region",
                },
                ":lambda:path/2015-03-31/functions/",
                {
                  "Fn::GetAtt": [
                    "BackendApiPasswordPolicyFunction3EE21DAE",
                    "Arn",
                  ],
                },
                "/invocations",
              ],
            ],
          },
        },
        "ResourceId": {
          "Ref": "BackendApiRestApiapipasswordpolicy4D04F72A",
        },
        "RestApiId": {
          "Ref": "BackendApiRestApi6B38E022",
        },
      },
      "Type": "AWS::ApiGateway::Method",
    },
    "BackendApiRestApiapipasswordpolicyANYApiPermissionCdkTestStackBackendApiRestApiF50BF5DEANYapipasswordpolicy77038B0F": {
      "Properties": {
        "Action": "lambda:InvokeFunction",
        "FunctionName": {
          "Fn::GetAtt": [
            "BackendApiPasswordPolicyFunction3EE21DAE",
            "Arn",
          ],
        },
        "Principal": "apigateway.amazonaws.com",
        "SourceArn": {
          "Fn::Join": [
            "",
            [
              "arn:",
              {
                "Ref": "AWS::Partition",
              },
              ":execute-api:",
              {
                "Ref": "AWS::Region",
              },
              ":",
              {
                "Ref": "AWS::AccountId",
              },
              ":",
              {
                "Ref": "BackendApiRestApi6B38E022",
              },
              "/",
              {
                "Ref": "BackendApiRestApiDeploymentStageprod16300C09",
              },
              "/*/api/password-policy",
            ],
          ],
        },
      },
      "Type": "AWS::Lambda::Permission",
    },
    "BackendApiRestApiapipasswordpolicyANYApiPermissionTestCdkTestStackBackendApiRestApiF50BF5DEANYapipasswordpolicy795536EB": {
      "Properties": {
        "Action": "lambda:InvokeFunction",
        "FunctionName": {
          "Fn::GetAtt": [
            "BackendApiPasswordPolicyFunction3EE21DAE",
            "Arn",
          ],
        },
        "Principal": "apigateway.amazonaws.com",
        "SourceArn": {
          "Fn::Join": [
            "",
            [
              "arn:",
              {
                "Ref": "AWS::Partition",
              },
              ":execute-api:",
              {
                "Ref": "AWS::Region",
              },
              ":",
              {
                "Ref": "AWS::AccountId",
              },
              ":",
              {
                "Ref": "BackendApiRestApi6B38E022",
              },
              "/test-invoke-stage/*/api/password-policy",
            ],
          ],
        },
      },
      "Type": "AWS::Lambda::Permission",
    },
    "BackendApiRestApiapipasswordpolicyOPTIONS2215E519": {
      "Properties": {
        "ApiKeyRequired": false,
        "AuthorizationType": "NONE",
        "HttpMethod": "OPTIONS",
        "Integration": {
          "IntegrationResponses": [
            {
              "ResponseParameters": {
                "method.response.header.Access-Control-Allow-Headers": "'Content-Type,X-Amz-Date,Authorization,X-Api-Key,X-Amz-Security-Token,X-Amz-User-Agent'",
                "method.response.header.Access-Control-Allow-Methods": "'OPTIONS,GET,PUT,POST,DELETE,PATCH,HEAD'",
                "method.response.header.Access-Control-Allow-Origin": "'*'",
              },
              "StatusCode": "204",
            },
          ],
          "RequestTemplates": {
            "application/json": "{ statusCode: 200 }",
          },
          "Type": "MOCK",
        },
        "MethodResponses": [
          {
            "ResponseParameters": {
              "method.response.header.Access-Control-Allow-Headers": true,
              "method.response.header.Access-Control-Allow-Methods": true,
              "method.response.header.Access-Control-Allow-Origin": true,
            },
            "StatusCode": "204",
          },
        ],
        "ResourceId": {
          "Ref": "BackendApiRestApiapipasswordpolicy4D04F72A",
        },
        "RestApiId": {
          "Ref": "BackendApiRestApi6B38E022",
        },
      },
      "Type": "AWS::ApiGateway::Method",
    },
    "BackendApiRestApiapipasswordpolicyproxy02F10C1F": {
      "Properties": {
        "ParentId": {
          "Ref": "BackendApiRestApiapipasswordpolicy4D04F72A",
        },
        "PathPart": "{proxy+}",
        "RestApiId": {
          "Ref": "BackendApiRestApi6B38E022",
        },
      },
      "Type": "AWS::ApiGateway::Resource",
    },
    "BackendApiRestApiapipasswordpolicyproxyANYApiPermissionCdkTestStackBackendApiRestApiF50BF5DEANYapipasswordpolicyproxy7FBA4D5C": {
      "Properties": {
        "Action": "lambda:InvokeFunction",
        "FunctionName": {
          "Fn::GetAtt": [
            "BackendApiPasswordPolicyFunction3EE21DAE",
            "Arn",
          ],
        },
        "Principal": "apigateway.amazonaws.com",
        "SourceArn": {
          "Fn::Join": [
            "",
            [
              "arn:",
              {
                "Ref": "AWS::Partition",
              },
              ":execute-api:",
              {
                "Ref": "AWS::Region",
              },
              ":",
              {
                "Ref": "AWS::AccountId",
              },
              ":",
              {
                "Ref": "BackendApiRestApi6B38E022",
              },
              "/",
              {
                "Ref": "BackendApiRestApiDeploymentStageprod16300C09",
              },
              "/*/api/password-policy/*",
            ],
          ],
        },
      },
      "Type": "AWS::Lambda::Permission",
    },
    "BackendApiRestApiapipasswordpolicyproxyANYApiPermissionTestCdkTestStackBackendApiRestApiF50BF5DEANYapipasswordpolicyproxy6480A5DF": {
      "Properties": {
        "Action": "lambda:InvokeFunction",
        "FunctionName": {
          "Fn::GetAtt": [
            "BackendApiPasswordPolicyFunction3EE21DAE",
            "Arn",
          ],
        },
        "Principal": "apigateway.amazonaws.com",
        "SourceArn": {
          "Fn::Join": [
            "",
            [
              "arn:",
              {
                "Ref": "AWS::Partition",
              },
              ":execute-api:",
              {
                "Ref": "AWS::Region",
              },
              ":",
              {
                "Ref": "AWS::AccountId",
              },
              ":",
              {
                "Ref": "BackendApiRestApi6B38E022",
              },
              "/test-invoke-stage/*/api/password-policy/*",
            ],
          ],
        },
      },
      "Type": "AWS::Lambda::Permission",
    },
    "BackendApiRestApiapipasswordpolicyproxyANYC4983581": {
      "Properties": {
        "AuthorizationType": "NONE",
        "HttpMethod": "ANY",
        "Integration": {
          "IntegrationHttpMethod": "POST",
          "Type": "AWS_PROXY",
          "Uri": {
            "Fn::Join": [
              "",
              [
                "arn:",
                {
                  "Ref": "AWS::Partition",
                },
                ":apigateway:",
                {
                  "Ref": "AWS::Region",
                },
                ":lambda:path/2015-03-31/functions/",
                {
                  "Fn::GetAtt": [
                    "BackendApiPasswordPolicyFunction3EE21DAE",
                    "Arn",
                  ],
                },
                "/invocations",
              ],
            ],
          },
        },
        "ResourceId": {
          "Ref": "BackendApiRestApiapipasswordpolicyproxy02F10C1F",
        },
        "RestApiId": {
          "Ref": "BackendApiRestApi6B38E022",
        },
      },
      "Type": "AWS::ApiGateway::Method",
    },
    "BackendApiRestApiapipasswordpolicyproxyOPTIONS151DB741": {
      "Properties": {
        "ApiKeyRequired": false,
        "AuthorizationType": "NONE",
        "HttpMethod": "OPTIONS",
        "Integration": {
          "IntegrationResponses": [
            {
              "ResponseParameters": {
                "method.response.header.Access-Control-Allow-Headers": "'Content-Type,X-Amz-Date,Authorization,X-Api-Key,X-Amz-Security-Token,X-Amz-User-Agent'",
                "method.response.header.Access-Control-Allow-Methods": "'OPTIONS,GET,PUT,POST,DELETE,PATCH,HEAD'",
                "method.response.header.Access-Control-Allow-Origin": "'*'",
              },
              "StatusCode": "204",
            },
          ],
          "RequestTemplates": {
            "application/json": "{ statusCode: 200 }",
          },
          "Type": "MOCK",
        },
        "MethodResponses": [
          {
            "ResponseParameters": {
              "method.response.header.Access-Control-Allow-Headers": true,
              "method.response.header.Access-Control-Allow-Methods": true,
              "method.response.header.Access-Control-Allow-Origin": true,
            },
            "StatusCode": "204",
          },
        ],
        "ResourceId": {
          "Ref": "BackendApiRestApiapipasswordpolicyproxy02F10C1F",
        },
        "RestApiId": {
          "Ref": "BackendApiRestApi6B38E022",
        },
      },
      "Type": "AWS::ApiGateway::Method",
    },
    "BackendIdentityCognitoHandlerFunctionA88127B0": {
      "DependsOn": [
        "BackendIdentityCognitoHandlerFunctionServiceRoleDefaultPolicy35D69B80",
        "BackendIdentityCognitoHandlerFunctionServiceRole926411A7",
      ],
      "Properties": {
        "Architectures": [
          "arm64",
        ],
        "Code": {
          "S3Bucket": {
            "Fn::Sub": "cdk-hnb659fds-assets-\${AWS::AccountId}-\${AWS::Region}",
          },
          "S3Key": "a130e785bd57253f80906b15ae497647f35445e6ec689c5e4845e80d74ae81d1.zip",
        },
        "Environment": {
          "Variables": {
            "USERS_TABLE_NAME": {
              "Ref": "BackendUsersTable0913890B",
            },
          },
        },
        "FunctionName": "cognito-handler",
        "Handler": "bootstrap",
        "LoggingConfig": {
          "LogGroup": {
            "Ref": "BackendIdentityCognitoHandlerFunctionLogGroupE498C2D3",
          },
        },
        "Role": {
          "Fn::GetAtt": [
            "BackendIdentityCognitoHandlerFunctionServiceRole926411A7",
            "Arn",
          ],
        },
        "Runtime": "provided.al2023",
      },
      "Type": "AWS::Lambda::Function",
    },
    "BackendIdentityCognitoHandlerFunctionLogGroupE498C2D3": {
      "DeletionPolicy": "RetainExceptOnCreate",
      "Properties": {
        "LogGroupName": "/aws/lambda/cognito-handler",
        "RetentionInDays": 7,
      },
      "Type": "AWS::Logs::LogGroup",
      "UpdateReplacePolicy": "Retain",
    },
    "BackendIdentityCognitoHandlerFunctionServiceRole926411A7": {
      "Properties": {
        "AssumeRolePolicyDocument": {
          "Statement": [
            {
              "Action": "sts:AssumeRole",
              "Effect": "Allow",
              "Principal": {
                "Service": "lambda.amazonaws.com",
              },
            },
          ],
          "Version": "2012-10-17",
        },
        "ManagedPolicyArns": [
          {
            "Fn::Join": [
              "",
              [
                "arn:",
                {
                  "Ref": "AWS::Partition",
                },
                ":iam::aws:policy/service-role/AWSLambdaBasicExecutionRole",
              ],
            ],
          },
        ],
      },
      "Type": "AWS::IAM::Role",
    },
    "BackendIdentityCognitoHandlerFunctionServiceRoleDefaultPolicy35D69B80": {
      "Properties": {
        "PolicyDocument": {
          "Statement": [
            {
              "Action": [
                "dynamodb:BatchGetItem",
                "dynamodb:GetRecords",
                "dynamodb:GetShardIterator",
                "dynamodb:Query",
                "dynamodb:GetItem",
                "dynamodb:Scan",
                "dynamodb:ConditionCheckItem",
                "dynamodb:BatchWriteItem",
                "dynamodb:PutItem",
                "dynamodb:UpdateItem",
                "dynamodb:DeleteItem",
                "dynamodb:DescribeTable",
              ],
              "Effect": "Allow",
              "Resource": [
                {
                  "Fn::GetAtt": [
                    "BackendUsersTable0913890B",
                    "Arn",
                  ],
                },
                {
                  "Fn::Join": [
                    "",
                    [
                      {
                        "Fn::GetAtt": [
                          "BackendUsersTable0913890B",
                          "Arn",
                        ],
                      },
                      "/index/*",
                    ],
                  ],
                },
              ],
            },
          ],
          "Version": "2012-10-17",
        },
        "PolicyName": "BackendIdentityCognitoHandlerFunctionServiceRoleDefaultPolicy35D69B80",
        "Roles": [
          {
            "Ref": "BackendIdentityCognitoHandlerFunctionServiceRole926411A7",
          },
        ],
      },
      "Type": "AWS::IAM::Policy",
    },
    "BackendIdentityUserPoolAB8B53FF": {
      "DeletionPolicy": "RetainExceptOnCreate",
      "Properties": {
        "AccountRecoverySetting": {
          "RecoveryMechanisms": [
            {
              "Name": "verified_email",
              "Priority": 1,
            },
          ],
        },
        "AdminCreateUserConfig": {
          "AllowAdminCreateUserOnly": false,
        },
        "AutoVerifiedAttributes": [
          "email",
        ],
        "EmailVerificationMessage": "The verification code to your new account is {####}",
        "EmailVerificationSubject": "Verify your new account",
        "LambdaConfig": {
          "CustomMessage": {
            "Fn::GetAtt": [
              "BackendIdentityCognitoHandlerFunctionA88127B0",
              "Arn",
            ],
          },
          "PostConfirmation": {
            "Fn::GetAtt": [
              "BackendIdentityCognitoHandlerFunctionA88127B0",
              "Arn",
            ],
          },
          "PreSignUp": {
            "Fn::GetAtt": [
              "BackendIdentityCognitoHandlerFunctionA88127B0",
              "Arn",
            ],
          },
        },
        "Policies": {
          "PasswordPolicy": {
            "MinimumLength": 8,
            "RequireSymbols": true,
          },
        },
        "SmsVerificationMessage": "The verification code to your new account is {####}",
        "UsernameAttributes": [
          "email",
        ],
        "VerificationMessageTemplate": {
          "DefaultEmailOption": "CONFIRM_WITH_CODE",
          "EmailMessage": "The verification code to your new account is {####}",
          "EmailSubject": "Verify your new account",
          "SmsMessage": "The verification code to your new account is {####}",
        },
      },
      "Type": "AWS::Cognito::UserPool",
      "UpdateReplacePolicy": "Retain",
    },
    "BackendIdentityUserPoolClientE4524E01": {
      "Properties": {
        "AllowedOAuthFlows": [
          "implicit",
          "code",
        ],
        "AllowedOAuthFlowsUserPoolClient": true,
        "AllowedOAuthScopes": [
          "profile",
          "phone",
          "email",
          "openid",
          "aws.cognito.signin.user.admin",
        ],
        "CallbackURLs": [
          "https://example.com",
        ],
        "ExplicitAuthFlows": [
          "ALLOW_USER_SRP_AUTH",
          "ALLOW_REFRESH_TOKEN_AUTH",
        ],
        "GenerateSecret": false,
        "PreventUserExistenceErrors": "ENABLED",
        "SupportedIdentityProviders": [
          "COGNITO",
        ],
        "UserPoolId": {
          "Ref": "BackendIdentityUserPoolAB8B53FF",
        },
      },
      "Type": "AWS::Cognito::UserPoolClient",
    },
    "BackendIdentityUserPoolCustomMessageCognito823E44DB": {
      "Properties": {
        "Action": "lambda:InvokeFunction",
        "FunctionName": {
          "Fn::GetAtt": [
            "BackendIdentityCognitoHandlerFunctionA88127B0",
            "Arn",
          ],
        },
        "Principal": "cognito-idp.amazonaws.com",
        "SourceArn": {
          "Fn::GetAtt": [
            "BackendIdentityUserPoolAB8B53FF",
            "Arn",
          ],
        },
      },
      "Type": "AWS::Lambda::Permission",
    },
    "BackendIdentityUserPoolPostConfirmationCognito2DB5A752": {
      "Properties": {
        "Action": "lambda:InvokeFunction",
        "FunctionName": {
          "Fn::GetAtt": [
            "BackendIdentityCognitoHandlerFunctionA88127B0",
            "Arn",
          ],
        },
        "Principal": "cognito-idp.amazonaws.com",
        "SourceArn": {
          "Fn::GetAtt": [
            "BackendIdentityUserPoolAB8B53FF",
            "Arn",
          ],
        },
      },
      "Type": "AWS::Lambda::Permission",
    },
    "BackendIdentityUserPoolPreSignUpCognito28429976": {
      "Properties": {
        "Action": "lambda:InvokeFunction",
        "FunctionName": {
          "Fn::GetAtt": [
            "BackendIdentityCognitoHandlerFunctionA88127B0",
            "Arn",
          ],
        },
        "Principal": "cognito-idp.amazonaws.com",
        "SourceArn": {
          "Fn::GetAtt": [
            "BackendIdentityUserPoolAB8B53FF",
            "Arn",
          ],
        },
      },
      "Type": "AWS::Lambda::Permission",
    },
    "BackendUsersTable0913890B": {
      "DeletionPolicy": "RetainExceptOnCreate",
      "Properties": {
        "AttributeDefinitions": [
          {
            "AttributeName": "pk",
            "AttributeType": "S",
          },
          {
            "AttributeName": "email",
            "AttributeType": "string",
          },
        ],
        "BillingMode": "PAY_PER_REQUEST",
        "GlobalSecondaryIndexes": [
          {
            "IndexName": "email-index",
            "KeySchema": [
              {
                "AttributeName": "email",
                "KeyType": "HASH",
              },
            ],
            "Projection": {
              "ProjectionType": "ALL",
            },
          },
        ],
        "KeySchema": [
          {
            "AttributeName": "pk",
            "KeyType": "HASH",
          },
        ],
        "PointInTimeRecoverySpecification": {
          "PointInTimeRecoveryEnabled": true,
        },
        "TableName": "users",
      },
      "Type": "AWS::DynamoDB::Table",
      "UpdateReplacePolicy": "Retain",
    },
    "CustomCDKBucketDeployment8693BB64968944B69AAFB0CC9EB8756C81C01536": {
      "DependsOn": [
        "CustomCDKBucketDeployment8693BB64968944B69AAFB0CC9EB8756CServiceRoleDefaultPolicy88902FDF",
        "CustomCDKBucketDeployment8693BB64968944B69AAFB0CC9EB8756CServiceRole89A01265",
      ],
      "Properties": {
        "Code": {
          "S3Bucket": {
            "Fn::Sub": "cdk-hnb659fds-assets-\${AWS::AccountId}-\${AWS::Region}",
          },
          "S3Key": "3423a042b818e31c1e34a19d6689ab2e5f9b70fcbe9e71df66f241b20a200bd9.zip",
        },
        "Environment": {
          "Variables": {
            "AWS_CA_BUNDLE": "/etc/pki/ca-trust/extracted/pem/tls-ca-bundle.pem",
          },
        },
        "Handler": "index.handler",
        "Layers": [
          {
            "Ref": "FrontendDeploymentDeploySvelteAwsCliLayer21E8579A",
          },
        ],
        "Role": {
          "Fn::GetAtt": [
            "CustomCDKBucketDeployment8693BB64968944B69AAFB0CC9EB8756CServiceRole89A01265",
            "Arn",
          ],
        },
        "Runtime": "python3.13",
        "Timeout": 900,
      },
      "Type": "AWS::Lambda::Function",
    },
    "CustomCDKBucketDeployment8693BB64968944B69AAFB0CC9EB8756CServiceRole89A01265": {
      "Properties": {
        "AssumeRolePolicyDocument": {
          "Statement": [
            {
              "Action": "sts:AssumeRole",
              "Effect": "Allow",
              "Principal": {
                "Service": "lambda.amazonaws.com",
              },
            },
          ],
          "Version": "2012-10-17",
        },
        "ManagedPolicyArns": [
          {
            "Fn::Join": [
              "",
              [
                "arn:",
                {
                  "Ref": "AWS::Partition",
                },
                ":iam::aws:policy/service-role/AWSLambdaBasicExecutionRole",
              ],
            ],
          },
        ],
      },
      "Type": "AWS::IAM::Role",
    },
    "CustomCDKBucketDeployment8693BB64968944B69AAFB0CC9EB8756CServiceRoleDefaultPolicy88902FDF": {
      "Properties": {
        "PolicyDocument": {
          "Statement": [
            {
              "Action": [
                "s3:GetObject*",
                "s3:GetBucket*",
                "s3:List*",
              ],
              "Effect": "Allow",
              "Resource": [
                {
                  "Fn::Join": [
                    "",
                    [
                      "arn:",
                      {
                        "Ref": "AWS::Partition",
                      },
                      ":s3:::",
                      {
                        "Fn::Sub": "cdk-hnb659fds-assets-\${AWS::AccountId}-\${AWS::Region}",
                      },
                    ],
                  ],
                },
                {
                  "Fn::Join": [
                    "",
                    [
                      "arn:",
                      {
                        "Ref": "AWS::Partition",
                      },
                      ":s3:::",
                      {
                        "Fn::Sub": "cdk-hnb659fds-assets-\${AWS::AccountId}-\${AWS::Region}",
                      },
                      "/*",
                    ],
                  ],
                },
              ],
            },
            {
              "Action": [
                "s3:GetObject*",
                "s3:GetBucket*",
                "s3:List*",
                "s3:DeleteObject*",
                "s3:PutObject",
                "s3:PutObjectLegalHold",
                "s3:PutObjectRetention",
                "s3:PutObjectTagging",
                "s3:PutObjectVersionTagging",
                "s3:Abort*",
              ],
              "Effect": "Allow",
              "Resource": [
                {
                  "Fn::GetAtt": [
                    "FrontendStorageSiteBucketE049239A",
                    "Arn",
                  ],
                },
                {
                  "Fn::Join": [
                    "",
                    [
                      {
                        "Fn::GetAtt": [
                          "FrontendStorageSiteBucketE049239A",
                          "Arn",
                        ],
                      },
                      "/*",
                    ],
                  ],
                },
              ],
            },
            {
              "Action": [
                "cloudfront:GetInvalidation",
                "cloudfront:CreateInvalidation",
              ],
              "Effect": "Allow",
              "Resource": "*",
            },
          ],
          "Version": "2012-10-17",
        },
        "PolicyName": "CustomCDKBucketDeployment8693BB64968944B69AAFB0CC9EB8756CServiceRoleDefaultPolicy88902FDF",
        "Roles": [
          {
            "Ref": "CustomCDKBucketDeployment8693BB64968944B69AAFB0CC9EB8756CServiceRole89A01265",
          },
        ],
      },
      "Type": "AWS::IAM::Policy",
    },
    "FrontendDeploymentDeploySvelteAwsCliLayer21E8579A": {
      "Properties": {
        "Content": {
          "S3Bucket": {
            "Fn::Sub": "cdk-hnb659fds-assets-\${AWS::AccountId}-\${AWS::Region}",
          },
          "S3Key": "c49d356cac773d491c5f7ac148995a1181498a8e289429f8612a7f7e3814f535.zip",
        },
        "Description": "/opt/awscli/aws",
      },
      "Type": "AWS::Lambda::LayerVersion",
    },
    "FrontendDeploymentDeploySvelteCustomResource40DA74FF": {
      "DeletionPolicy": "Delete",
      "Properties": {
        "DestinationBucketName": {
          "Ref": "FrontendStorageSiteBucketE049239A",
        },
        "DistributionId": {
          "Ref": "FrontendDistributionSiteDistribution97965C16",
        },
        "DistributionPaths": [
          "/*",
        ],
        "OutputObjectKeys": true,
        "Prune": true,
        "ServiceToken": {
          "Fn::GetAtt": [
            "CustomCDKBucketDeployment8693BB64968944B69AAFB0CC9EB8756C81C01536",
            "Arn",
          ],
        },
        "SourceBucketNames": [
          {
            "Fn::Sub": "cdk-hnb659fds-assets-\${AWS::AccountId}-\${AWS::Region}",
          },
          {
            "Fn::Sub": "cdk-hnb659fds-assets-\${AWS::AccountId}-\${AWS::Region}",
          },
        ],
        "SourceMarkers": [
          {},
          {
            "<<marker:0xbaba:0>>": {
              "Fn::Join": [
                "",
                [
                  """,
                  {
                    "Ref": "BackendIdentityUserPoolAB8B53FF",
                  },
                  """,
                ],
              ],
            },
            "<<marker:0xbaba:1>>": {
              "Fn::Join": [
                "",
                [
                  """,
                  {
                    "Ref": "BackendIdentityUserPoolClientE4524E01",
                  },
                  """,
                ],
              ],
            },
          },
        ],
        "SourceMarkersConfig": [
          {},
          {},
        ],
        "SourceObjectKeys": [
          "0ab25797eac2d57adc69b02448a357576381c70ba8ad2e203965d12a7a6811d8.zip",
          "7979346f04af3550d9d16cae3d84fbe39d6a6390c8fe999981c1b379eb9cb809.zip",
        ],
        "WaitForDistributionInvalidation": true,
      },
      "Type": "Custom::CDKBucketDeployment",
      "UpdateReplacePolicy": "Delete",
    },
    "FrontendDistributionImmutableCachePolicyA0C870B5": {
      "Properties": {
        "CachePolicyConfig": {
          "DefaultTTL": 31536000,
          "MaxTTL": 31536000,
          "MinTTL": 31536000,
          "Name": {
            "Fn::Join": [
              "",
              [
                "CdkTestStackFrontendDistributionImmutableCachePolicy5033F310-",
                {
                  "Ref": "AWS::Region",
                },
              ],
            ],
          },
          "ParametersInCacheKeyAndForwardedToOrigin": {
            "CookiesConfig": {
              "CookieBehavior": "none",
            },
            "EnableAcceptEncodingBrotli": true,
            "EnableAcceptEncodingGzip": true,
            "HeadersConfig": {
              "HeaderBehavior": "none",
            },
            "QueryStringsConfig": {
              "QueryStringBehavior": "none",
            },
          },
        },
      },
      "Type": "AWS::CloudFront::CachePolicy",
    },
    "FrontendDistributionRewriteFunctionF905673F": {
      "Properties": {
        "AutoPublish": true,
        "FunctionCode": "
        function handler(event) {
          var request = event.request;
          var uri = request.uri;
          
          // If the URI doesn't have an extension (no dot in the last segment)
          // and doesn't end with a slash, append .html
          // e.g., /signUp -> /signUp.html
          if (!uri.includes('.')) {
             request.uri += '.html';
          }
          
          return request;
        }
      ",
        "FunctionConfig": {
          "Comment": {
            "Fn::Join": [
              "",
              [
                {
                  "Ref": "AWS::Region",
                },
                "CdkTestStackFronnRewriteFunctionF9ABE1C1",
              ],
            ],
          },
          "Runtime": "cloudfront-js-1.0",
        },
        "Name": {
          "Fn::Join": [
            "",
            [
              {
                "Ref": "AWS::Region",
              },
              "CdkTestStackFronnRewriteFunctionF9ABE1C1",
            ],
          ],
        },
      },
      "Type": "AWS::CloudFront::Function",
    },
    "FrontendDistributionShortCachePolicy997E9B5E": {
      "Properties": {
        "CachePolicyConfig": {
          "DefaultTTL": 60,
          "MaxTTL": 300,
          "MinTTL": 0,
          "Name": {
            "Fn::Join": [
              "",
              [
                "CdkTestStackFrontendDistributionShortCachePolicy56E216F7-",
                {
                  "Ref": "AWS::Region",
                },
              ],
            ],
          },
          "ParametersInCacheKeyAndForwardedToOrigin": {
            "CookiesConfig": {
              "CookieBehavior": "none",
            },
            "EnableAcceptEncodingBrotli": true,
            "EnableAcceptEncodingGzip": true,
            "HeadersConfig": {
              "HeaderBehavior": "none",
            },
            "QueryStringsConfig": {
              "QueryStringBehavior": "none",
            },
          },
        },
      },
      "Type": "AWS::CloudFront::CachePolicy",
    },
    "FrontendDistributionSiteDistribution97965C16": {
      "Properties": {
        "DistributionConfig": {
          "CacheBehaviors": [
            {
              "CachePolicyId": {
                "Ref": "FrontendDistributionImmutableCachePolicyA0C870B5",
              },
              "Compress": true,
              "PathPattern": "/_app/immutable/*",
              "TargetOriginId": "CdkTestStackFrontendDistributionSiteDistributionOrigin17F0D5B92",
              "ViewerProtocolPolicy": "redirect-to-https",
            },
            {
              "AllowedMethods": [
                "GET",
                "HEAD",
                "OPTIONS",
                "PUT",
                "PATCH",
                "POST",
                "DELETE",
              ],
              "CachePolicyId": "4135ea2d-6df8-44a3-9df3-4b5a84be39ad",
              "Compress": true,
              "OriginRequestPolicyId": "b689b0a8-53d0-40ab-baf2-68738e2966ac",
              "PathPattern": "/api/*",
              "TargetOriginId": "CdkTestStackFrontendDistributionSiteDistributionOrigin2E46683D3",
              "ViewerProtocolPolicy": "https-only",
            },
          ],
          "CustomErrorResponses": [
            {
              "ErrorCachingMinTTL": 0,
              "ErrorCode": 403,
              "ResponseCode": 200,
              "ResponsePagePath": "/fallback.html",
            },
            {
              "ErrorCachingMinTTL": 0,
              "ErrorCode": 404,
              "ResponseCode": 200,
              "ResponsePagePath": "/fallback.html",
            },
          ],
          "DefaultCacheBehavior": {
            "CachePolicyId": {
              "Ref": "FrontendDistributionShortCachePolicy997E9B5E",
            },
            "Compress": true,
            "FunctionAssociations": [
              {
                "EventType": "viewer-request",
                "FunctionARN": {
                  "Fn::GetAtt": [
                    "FrontendDistributionRewriteFunctionF905673F",
                    "FunctionARN",
                  ],
                },
              },
            ],
            "TargetOriginId": "CdkTestStackFrontendDistributionSiteDistributionOrigin17F0D5B92",
            "ViewerProtocolPolicy": "redirect-to-https",
          },
          "DefaultRootObject": "index.html",
          "Enabled": true,
          "HttpVersion": "http2",
          "IPV6Enabled": true,
          "Origins": [
            {
              "DomainName": {
                "Fn::GetAtt": [
                  "FrontendStorageSiteBucketE049239A",
                  "RegionalDomainName",
                ],
              },
              "Id": "CdkTestStackFrontendDistributionSiteDistributionOrigin17F0D5B92",
              "OriginAccessControlId": {
                "Fn::GetAtt": [
                  "FrontendDistributionSiteDistributionOrigin1S3OriginAccessControlA6FC15E0",
                  "Id",
                ],
              },
              "S3OriginConfig": {
                "OriginAccessIdentity": "",
              },
            },
            {
              "CustomOriginConfig": {
                "OriginProtocolPolicy": "https-only",
                "OriginSSLProtocols": [
                  "TLSv1.2",
                ],
              },
              "DomainName": {
                "Fn::Select": [
                  2,
                  {
                    "Fn::Split": [
                      "/",
                      {
                        "Fn::Join": [
                          "",
                          [
                            "https://",
                            {
                              "Ref": "BackendApiRestApi6B38E022",
                            },
                            ".execute-api.",
                            {
                              "Ref": "AWS::Region",
                            },
                            ".",
                            {
                              "Ref": "AWS::URLSuffix",
                            },
                            "/",
                            {
                              "Ref": "BackendApiRestApiDeploymentStageprod16300C09",
                            },
                            "/",
                          ],
                        ],
                      },
                    ],
                  },
                ],
              },
              "Id": "CdkTestStackFrontendDistributionSiteDistributionOrigin2E46683D3",
              "OriginPath": {
                "Fn::Join": [
                  "",
                  [
                    "/",
                    {
                      "Fn::Select": [
                        3,
                        {
                          "Fn::Split": [
                            "/",
                            {
                              "Fn::Join": [
                                "",
                                [
                                  "https://",
                                  {
                                    "Ref": "BackendApiRestApi6B38E022",
                                  },
                                  ".execute-api.",
                                  {
                                    "Ref": "AWS::Region",
                                  },
                                  ".",
                                  {
                                    "Ref": "AWS::URLSuffix",
                                  },
                                  "/",
                                  {
                                    "Ref": "BackendApiRestApiDeploymentStageprod16300C09",
                                  },
                                  "/",
                                ],
                              ],
                            },
                          ],
                        },
                      ],
                    },
                  ],
                ],
              },
            },
          ],
        },
      },
      "Type": "AWS::CloudFront::Distribution",
    },
    "FrontendDistributionSiteDistributionOrigin1S3OriginAccessControlA6FC15E0": {
      "Properties": {
        "OriginAccessControlConfig": {
          "Name": "CdkTestStackFrontendDistribuOrigin1S3OriginAccessControlFA122063",
          "OriginAccessControlOriginType": "s3",
          "SigningBehavior": "always",
          "SigningProtocol": "sigv4",
        },
      },
      "Type": "AWS::CloudFront::OriginAccessControl",
    },
    "FrontendStorageSiteBucketE049239A": {
      "DeletionPolicy": "RetainExceptOnCreate",
      "Properties": {
        "BucketEncryption": {
          "ServerSideEncryptionConfiguration": [
            {
              "ServerSideEncryptionByDefault": {
                "SSEAlgorithm": "AES256",
              },
            },
          ],
        },
        "PublicAccessBlockConfiguration": {
          "BlockPublicAcls": true,
          "BlockPublicPolicy": true,
          "IgnorePublicAcls": true,
          "RestrictPublicBuckets": true,
        },
        "Tags": [
          {
            "Key": "aws-cdk:cr-owned:45187cef",
            "Value": "true",
          },
        ],
      },
      "Type": "AWS::S3::Bucket",
      "UpdateReplacePolicy": "Retain",
    },
    "FrontendStorageSiteBucketPolicyD8F472C3": {
      "Properties": {
        "Bucket": {
          "Ref": "FrontendStorageSiteBucketE049239A",
        },
        "PolicyDocument": {
          "Statement": [
            {
              "Action": "s3:*",
              "Condition": {
                "Bool": {
                  "aws:SecureTransport": "false",
                },
              },
              "Effect": "Deny",
              "Principal": {
                "AWS": "*",
              },
              "Resource": [
                {
                  "Fn::GetAtt": [
                    "FrontendStorageSiteBucketE049239A",
                    "Arn",
                  ],
                },
                {
                  "Fn::Join": [
                    "",
                    [
                      {
                        "Fn::GetAtt": [
                          "FrontendStorageSiteBucketE049239A",
                          "Arn",
                        ],
                      },
                      "/*",
                    ],
                  ],
                },
              ],
            },
            {
              "Action": "s3:GetObject",
              "Condition": {
                "StringEquals": {
                  "AWS:SourceArn": {
                    "Fn::Join": [
                      "",
                      [
                        "arn:",
                        {
                          "Ref": "AWS::Partition",
                        },
                        ":cloudfront::",
                        {
                          "Ref": "AWS::AccountId",
                        },
                        ":distribution/",
                        {
                          "Ref": "FrontendDistributionSiteDistribution97965C16",
                        },
                      ],
                    ],
                  },
                },
              },
              "Effect": "Allow",
              "Principal": {
                "Service": "cloudfront.amazonaws.com",
              },
              "Resource": {
                "Fn::Join": [
                  "",
                  [
                    {
                      "Fn::GetAtt": [
                        "FrontendStorageSiteBucketE049239A",
                        "Arn",
                      ],
                    },
                    "/*",
                  ],
                ],
              },
            },
          ],
          "Version": "2012-10-17",
        },
      },
      "Type": "AWS::S3::BucketPolicy",
    },
  },
  "Rules": {
    "CheckBootstrapVersion": {
      "Assertions": [
        {
          "Assert": {
            "Fn::Not": [
              {
                "Fn::Contains": [
                  [
                    "1",
                    "2",
                    "3",
                    "4",
                    "5",
                  ],
                  {
                    "Ref": "BootstrapVersion",
                  },
                ],
              },
            ],
          },
          "AssertDescription": "CDK bootstrap stack version 6 required. Please run 'cdk bootstrap' with a recent version of the CDK CLI.",
        },
      ],
    },
  },
}
`;
